============================= test session starts =============================
platform win32 -- Python 3.13.7, pytest-9.0.2, pluggy-1.6.0 -- C:\Python 3.13.7\python.exe
cachedir: .pytest_cache
rootdir: C:\Users\Meshell\Desktop\FastHTML\Faststrap
configfile: pyproject.toml
plugins: anyio-4.11.0, cov-7.0.0
collecting ... collected 30 items

tests/test_components/test_accordion.py::TestAccordion::test_accordion_renders PASSED [  3%]
tests/test_components/test_accordion.py::TestAccordion::test_accordion_ids PASSED [  6%]
tests/test_components/test_accordion.py::TestAccordion::test_flush PASSED [ 10%]
tests/test_components/test_accordion.py::TestAccordion::test_always_open PASSED [ 13%]
tests/test_components/test_accordion.py::TestAccordion::test_expanded_item FAILED [ 16%]
tests/test_components/test_accordion.py::TestAccordion::test_custom_classes PASSED [ 20%]
tests/test_components/test_listgroup.py::TestListGroup::test_basic_render PASSED [ 23%]
tests/test_components/test_listgroup.py::TestListGroup::test_flush PASSED [ 26%]
tests/test_components/test_listgroup.py::TestListGroup::test_numbered PASSED [ 30%]
tests/test_components/test_listgroup.py::TestListGroup::test_horizontal PASSED [ 33%]
tests/test_components/test_listgroup.py::TestListGroupItem::test_variants PASSED [ 36%]
tests/test_components/test_listgroup.py::TestListGroupItem::test_active_disabled PASSED [ 40%]
tests/test_components/test_listgroup.py::TestListGroupItem::test_action_link PASSED [ 43%]
tests/test_components/test_listgroup.py::TestListGroupItem::test_badge PASSED [ 46%]
tests/test_components/test_listgroup.py::TestCollapse::test_basic_render PASSED [ 50%]
tests/test_components/test_listgroup.py::TestCollapse::test_show_horizontal PASSED [ 53%]
tests/test_components/test_checks.py::TestCheckbox::test_basic PASSED    [ 56%]
tests/test_components/test_checks.py::TestCheckbox::test_states PASSED   [ 60%]
tests/test_components/test_checks.py::TestCheckbox::test_inline_reverse PASSED [ 63%]
tests/test_components/test_checks.py::TestCheckbox::test_help_text PASSED [ 66%]
tests/test_components/test_checks.py::TestCheckbox::test_switch PASSED   [ 70%]
tests/test_components/test_checks.py::TestRadio::test_basic PASSED       [ 73%]
tests/test_components/test_checks.py::TestRadio::test_checked PASSED     [ 76%]
tests/test_components/test_checks.py::TestRange::test_basic PASSED       [ 80%]
tests/test_components/test_checks.py::TestRange::test_min_max_step PASSED [ 83%]
tests/test_components/test_inputgroup.py::TestInputGroup::test_basic PASSED [ 86%]
tests/test_components/test_inputgroup.py::TestInputGroup::test_size_nowrap PASSED [ 90%]
tests/test_components/test_inputgroup.py::TestFloatingLabel::test_basic PASSED [ 93%]
tests/test_components/test_inputgroup.py::TestFloatingLabel::test_types_and_defaults PASSED [ 96%]
tests/test_components/test_inputgroup.py::TestFloatingLabel::test_readonly_disabled PASSED [100%]

================================== FAILURES ===================================
______________________ TestAccordion.test_expanded_item _______________________
tests\test_components\test_accordion.py:66: in test_expanded_item
    assert 'button class="accordion-button"' in html
E   assert 'button class="accordion-button"' in '<div id="accordion-9fd51536" class="accordion">\n  <div class="accordion-item">\n    <h2 id="accordion-9fd51536-header-0" class="accordion-header">\n<button type="button" data-bs-toggle="collapse" data-bs-target="#accordion-9fd51536-collapse-0" aria-expanded="true" aria-controls="accordion-9fd51536-collapse-0" class="accordion-button">T1</button>    </h2>\n    <div aria-labelledby="accordion-9fd51536-header-0" data-bs-parent="#accordion-9fd51536" id="accordion-9fd51536-collapse-0" class="accordion-collapse collapse show">\n      <div class="accordion-body">C1</div>\n    </div>\n  </div>\n  <div class="accordion-item">\n    <h2 id="accordion-9fd51536-header-1" class="accordion-header">\n<button type="button" data-bs-toggle="collapse" data-bs-target="#accordion-9fd51536-collapse-1" aria-expanded="false" aria-controls="accordion-9fd51536-collapse-1" class="accordion-button collapsed">T2</button>    </h2>\n    <div aria-labelledby="accordion-9fd51536-header-1" data-bs-parent="#accordion-9fd51536" id="accordion-9fd51536-collapse-1" class="accordion-collapse collapse">\n      <div class="accordion-body">C2</div>\n    </div>\n  </div>\n</div>\n'
=============================== tests coverage ================================
_______________ coverage: platform win32, python 3.13.7-final-0 _______________

Name                                                Stmts   Miss  Cover   Missing
---------------------------------------------------------------------------------
src\faststrap\__init__.py                              14      0   100%
src\faststrap\components\__init__.py                    6      0   100%
src\faststrap\components\display\__init__.py            4      0   100%
src\faststrap\components\display\badge.py              20      1    95%   50
src\faststrap\components\display\card.py               50     44    12%   59-154
src\faststrap\components\display\table.py              94     82    13%   81-126, 150-163, 190-206, 230-246, 279-307
src\faststrap\components\feedback\__init__.py           6      0   100%
src\faststrap\components\feedback\alert.py             29     21    28%   37-89
src\faststrap\components\feedback\modal.py             62     51    18%   54-155
src\faststrap\components\feedback\progress.py          46     37    20%   38-83, 97-137
src\faststrap\components\feedback\spinner.py           24     16    33%   35-73
src\faststrap\components\feedback\toast.py             69     59    14%   25-94, 108-170, 180-208
src\faststrap\components\forms\__init__.py              7      0   100%
src\faststrap\components\forms\button.py               82     72    12%   35-43, 95-215
src\faststrap\components\forms\buttongroup.py          21     14    33%   76-95, 128-143
src\faststrap\components\forms\checks.py               97     10    90%   83, 171, 173, 193, 195, 258, 277, 279, 281, 362
src\faststrap\components\forms\input.py                47     16    66%   66, 80, 82, 84, 86, 88, 92, 105-123
src\faststrap\components\forms\inputgroup.py           43      1    98%   189
src\faststrap\components\forms\select.py               53     44    17%   41-133
src\faststrap\components\layout\__init__.py             2      0   100%
src\faststrap\components\layout\grid.py                69     60    13%   46-61, 103-127, 184-226
src\faststrap\components\navigation\__init__.py         9      0   100%
src\faststrap\components\navigation\accordion.py       55      1    98%   85
src\faststrap\components\navigation\breadcrumb.py      26     19    27%   25-53
src\faststrap\components\navigation\drawer.py          45     34    24%   49-129
src\faststrap\components\navigation\dropdown.py        74     62    16%   44-173, 183-205, 210
src\faststrap\components\navigation\listgroup.py       61      2    97%   184-185
src\faststrap\components\navigation\navbar.py          67     59    12%   46-176
src\faststrap\components\navigation\pagination.py      47     39    17%   40-142
src\faststrap\components\navigation\tabs.py            63     54    14%   36-128, 138-155
src\faststrap\core\__init__.py                          3      0   100%
src\faststrap\core\assets.py                           73     58    21%   52-53, 113-137, 191-276
src\faststrap\core\base.py                             39     17    56%   19-21, 26, 30-31, 35-49
src\faststrap\core\registry.py                         35      9    74%   57, 62, 75-78, 96-105
src\faststrap\core\theme.py                            89     61    31%   237, 241-253, 267-312, 316, 319-320, 357-384, 389-400, 415-418, 427, 477-479, 490-512, 539
src\faststrap\core\types.py                            13      0   100%
src\faststrap\utils\__init__.py                         3      0   100%
src\faststrap\utils\attrs.py                           75     52    31%   19, 28-30, 34-39, 43-48, 80, 82, 87-95, 99-118, 122-127, 130-136, 140
src\faststrap\utils\icons.py                            5      2    60%   21-22
src\faststrap\utils\static_management.py               89     71    20%   32-62, 68-83, 96-115, 128, 135-140, 151-172, 177-182
---------------------------------------------------------------------------------
TOTAL                                                1716   1068    38%
Coverage HTML written to dir htmlcov
Coverage XML written to file coverage.xml
=========================== short test summary info ===========================
FAILED tests/test_components/test_accordion.py::TestAccordion::test_expanded_item - assert 'button class="accordion-button"' in '<div id="accordion-9fd51536" class="accordion">\n  <div class="accordion-item">\n    <h2 id="accordion-9fd51536-header-0" class="accordion-header">\n<button type="button" data-bs-toggle="collapse" data-bs-target="#accordion-9fd51536-collapse-0" aria-expanded="true" aria-controls="accordion-9fd51536-collapse-0" class="accordion-button">T1</button>    </h2>\n    <div aria-labelledby="accordion-9fd51536-header-0" data-bs-parent="#accordion-9fd51536" id="accordion-9fd51536-collapse-0" class="accordion-collapse collapse show">\n      <div class="accordion-body">C1</div>\n    </div>\n  </div>\n  <div class="accordion-item">\n    <h2 id="accordion-9fd51536-header-1" class="accordion-header">\n<button type="button" data-bs-toggle="collapse" data-bs-target="#accordion-9fd51536-collapse-1" aria-expanded="false" aria-controls="accordion-9fd51536-collapse-1" class="accordion-button collapsed">T2</button>    </h2>\n    <div aria-labelledby="accordion-9fd51536-header-1" data-bs-parent="#accordion-9fd51536" id="accordion-9fd51536-collapse-1" class="accordion-collapse collapse">\n      <div class="accordion-body">C2</div>\n    </div>\n  </div>\n</div>\n'
======================== 1 failed, 29 passed in 1.49s =========================
